\BOOKMARK [1][-]{section.1}{\376\377\000I\000n\000s\000t\000a\000l\000a\000c\000e\000\040\000a\000p\000l\000i\000k\000a\000c\000e}{}% 1
\BOOKMARK [1][-]{section.2}{\376\377\000P\000r\000v\000n\000\355\000\040\000s\000p\000u\001\141\000t\001\033\000n\000\355\000\040\000a\000p\000l\000i\000k\000a\000c\000e}{}% 2
\BOOKMARK [1][-]{section.3}{\376\377\000Z\000\341\000k\000l\000a\000d\000n\000\355\000\040\000p\000o\000p\000i\000s\000\040\000u\001\176\000i\000v\000a\000t\000e\000l\000s\000k\000\351\000h\000o\000\040\000r\000o\000z\000h\000r\000a\000n\000\355}{}% 3
\BOOKMARK [2][-]{subsection.3.1}{\376\377\000H\000l\000a\000v\000n\000\355\000\040\000n\000a\000v\000i\000g\000a\001\015\000n\000\355\000\040\000m\000e\000n\000u\000\040\000\050\000l\000e\000v\000\375\000\040\000p\000a\000n\000e\000l\000\051}{section.3}% 4
\BOOKMARK [2][-]{subsection.3.2}{\376\377\000O\000v\000l\000\341\000d\000a\000c\000\355\000\040\000a\000\040\000s\000e\000z\000n\000a\000m\000o\000v\000\375\000\040\000p\000a\000n\000e\000l\000\040\000\050\000s\000t\001\131\000e\000d\000n\000\355\000\040\000p\000a\000n\000e\000l\000\051}{section.3}% 5
\BOOKMARK [2][-]{subsection.3.3}{\376\377\000H\000l\000a\000v\000n\000\355\000\040\000p\000r\000a\000c\000o\000v\000n\000\355\000\040\000p\000l\000o\000c\000h\000a\000\040\000\050\000p\000r\000a\000v\000\375\000\040\000p\000a\000n\000e\000l\000\051}{section.3}% 6
\BOOKMARK [1][-]{section.4}{\376\377\000P\000r\000\341\000c\000e\000\040\000s\000\040\000p\000a\000c\000i\000e\000n\000t\000y}{}% 7
\BOOKMARK [2][-]{subsection.4.1}{\376\377\000P\001\131\000i\000d\000\341\000v\000\341\000n\000\355\000\040\000n\000o\000v\000\351\000h\000o\000\040\000p\000a\000c\000i\000e\000n\000t\000a}{section.4}% 8
\BOOKMARK [2][-]{subsection.4.2}{\376\377\000P\000l\000\341\000n\000o\000v\000a\000n\000\351\000\040\000k\000o\000n\000t\000r\000o\000l\000y}{section.4}% 9
\BOOKMARK [2][-]{subsection.4.3}{\376\377\000E\000d\000i\000t\000a\000c\000e\000\040\000d\000a\000t\000\040\000o\000\040\000p\000a\000c\000i\000e\000n\000t\000o\000v\000i}{section.4}% 10
\BOOKMARK [2][-]{subsection.4.4}{\376\377\000V\000y\000h\000l\000e\000d\000\341\000v\000\341\000n\000\355\000\040\000a\000\040\000f\000i\000l\000t\000r\000a\000c\000e\000\040\000v\000\040\000s\000e\000z\000n\000a\000m\000u\000\040\000p\000a\000c\000i\000e\000n\000t\001\157}{section.4}% 11
\BOOKMARK [3][-]{subsubsection.4.4.1}{\376\377\000R\000y\000c\000h\000l\000\351\000\040\000v\000y\000h\000l\000e\000d\000\341\000v\000\341\000n\000\355}{subsection.4.4}% 12
\BOOKMARK [3][-]{subsubsection.4.4.2}{\376\377\000P\000o\000k\000r\000o\001\015\000i\000l\000\341\000\040\000f\000i\000l\000t\000r\000a\000c\000e\000\040\000p\000a\000c\000i\000e\000n\000t\001\157}{subsection.4.4}% 13
\BOOKMARK [2][-]{subsection.4.5}{\376\377\000E\000x\000p\000o\000r\000t\000\040\000p\000a\000c\000i\000e\000n\000t\001\157}{section.4}% 14
\BOOKMARK [3][-]{subsubsection.4.5.1}{\376\377\000P\000o\000s\000t\000u\000p\000\040\000p\001\131\000i\000\040\000e\000x\000p\000o\000r\000t\000u\000\040\000d\000a\000t}{subsection.4.5}% 15
\BOOKMARK [1][-]{section.5}{\376\377\000P\000r\000\341\000c\000e\000\040\000s\000e\000\040\000s\000t\000u\000d\000i\000e\000m\000i}{}% 16
\BOOKMARK [2][-]{subsection.5.1}{\376\377\000V\000y\000t\000v\000o\001\131\000e\000n\000\355\000\040\000n\000o\000v\000\351\000\040\000s\000t\000u\000d\000i\000e}{section.5}% 17
\BOOKMARK [2][-]{subsection.5.2}{\376\377\000E\000d\000i\000t\000a\000c\000e\000\040\000a\000\040\000m\000a\000z\000\341\000n\000\355\000\040\000s\000t\000u\000d\000i\000\355}{section.5}% 18
\BOOKMARK [3][-]{subsubsection.5.2.1}{\376\377\000Z\000m\001\033\000n\000a\000\040\000n\000\341\000z\000v\000u\000\040\000s\000t\000u\000d\000i\000e}{subsection.5.2}% 19
\BOOKMARK [3][-]{subsubsection.5.2.2}{\376\377\000M\000a\000z\000\341\000n\000\355\000\040\000s\000t\000u\000d\000i\000e}{subsection.5.2}% 20
\BOOKMARK [2][-]{subsection.5.3}{\376\377\000P\001\131\000i\000d\000\341\000n\000\355\000\040\000p\000a\000c\000i\000e\000n\000t\000a\000\040\000d\000o\000\040\000e\000x\000i\000s\000t\000u\000j\000\355\000c\000\355\000\040\000s\000t\000u\000d\000i\000e}{section.5}% 21
\BOOKMARK [3][-]{subsubsection.5.3.1}{\376\377\000P\000o\000s\000t\000u\000p\000\040\000p\001\131\000i\000\040\000z\000a\001\131\000a\000z\000e\000n\000\355\000\040\000p\000a\000c\000i\000e\000n\000t\000a\000\040\000z\000\040\000j\000e\000h\000o\000\040\000k\000a\000r\000t\000y}{subsection.5.3}% 22
\BOOKMARK [1][-]{section.6}{\376\377\000Z\000o\000b\000r\000a\000z\000e\000n\000\355\000\040\000k\001\131\000i\000v\000e\000k\000\040\000p\001\131\000e\001\176\000i\000t\000\355\000\040\000a\000\040\000r\000e\000c\000i\000d\000i\000v\000y\000\040\000\050\000K\000a\000p\000l\000a\000n\000-\000M\000e\000i\000e\000r\000\051}{}% 23
\BOOKMARK [1][-]{section.7}{\376\377\000I\000n\000f\000e\000r\000e\000n\001\015\000n\000\355\000\040\000s\000t\000a\000t\000i\000s\000t\000i\000k\000a}{}% 24
\BOOKMARK [2][-]{subsection.7.1}{\376\377\000V\000o\000l\000b\000a\000\040\000s\000t\000a\000t\000i\000s\000t\000i\000c\000k\000\351\000h\000o\000\040\000t\000e\000s\000t\000u\000\040\000a\000\040\000n\000a\000s\000t\000a\000v\000e\000n\000\355\000\040\000p\000a\000r\000a\000m\000e\000t\000r\001\157}{section.7}% 25
\BOOKMARK [2][-]{subsection.7.2}{\376\377\000K\000o\000n\000f\000i\000g\000u\000r\000a\000c\000e\000\040\001\131\000\341\000d\000k\001\157\000\040\000a\000\040\000s\000l\000o\000u\000p\000c\001\157\000\040\000k\000o\000n\000t\000i\000n\000g\000e\000n\001\015\000n\000\355\000\040\000m\000a\000t\000i\000c\000e}{section.7}% 26
\BOOKMARK [2][-]{subsection.7.3}{\376\377\000V\000\375\000p\000o\001\015\000e\000t\000\040\000a\000\040\000v\000y\000h\000o\000d\000n\000o\000c\000e\000n\000\355\000\040\000t\000e\000s\000t\000u}{section.7}% 27
\BOOKMARK [1][-]{section.8}{\376\377\000D\000e\000s\000k\000r\000i\000p\000t\000i\000v\000n\000\355\000\040\000s\000t\000a\000t\000i\000s\000t\000i\000k\000a}{}% 28
\BOOKMARK [1][-]{section.9}{\376\377\000P\000r\000o\000g\000n\000o\000s\000t\000i\000c\000k\000\375\000\040\000m\000o\000d\000u\000l\000\040\000\050\000P\000r\000e\000d\000i\000k\000c\000e\000\040\000r\000i\000z\000i\000k\000\040\000M\000L\000\051}{}% 29
\BOOKMARK [2][-]{subsection.9.1}{\376\377\000V\000\375\000p\000o\001\015\000e\000t\000\040\000p\000r\000e\000d\000i\000k\000c\000e\000\040\000p\000r\000o\000\040\000p\000a\000c\000i\000e\000n\000t\000a}{section.9}% 30
\BOOKMARK [2][-]{subsection.9.2}{\376\377\000T\000r\000\351\000n\000o\000v\000\341\000n\000\355\000\040\000n\000o\000v\000\351\000h\000o\000\040\000m\000o\000d\000e\000l\000u}{section.9}% 31
\BOOKMARK [2][-]{subsection.9.3}{\376\377\000I\000n\000f\000o\000r\000m\000a\000c\000e\000\040\000o\000\040\000m\000o\000d\000e\000l\000e\000c\000h\000\040\000a\000\040\000s\000p\000r\000\341\000v\001\033}{section.9}% 32
\BOOKMARK [1][-]{section.10}{\376\377\000I\000m\000p\000o\000r\000t\000o\000v\000\341\000n\000\355\000\040\000d\000a\000t}{}% 33
\BOOKMARK [1][-]{section.11}{\376\377\000Z\000\341\000l\000o\000h\000o\000v\000\341\000n\000\355\000\040\000a\000\040\000o\000b\000n\000o\000v\000a\000\040\000d\000a\000t\000a\000b\000\341\000z\000e}{}% 34
\BOOKMARK [2][-]{subsection.11.1}{\376\377\000Z\000\341\000l\000o\000h\000o\000v\000\341\000n\000\355\000\040\000d\000a\000t\000a\000b\000\341\000z\000e}{section.11}% 35
\BOOKMARK [2][-]{subsection.11.2}{\376\377\000O\000b\000n\000o\000v\000e\000n\000\355\000\040\000d\000a\000t\000a\000b\000\341\000z\000e\000\040\000z\000e\000\040\000z\000\341\000l\000o\000h\000y}{section.11}% 36
